19:50:54 **** Incremental Build of configuration Debug for project Ex6 ****
make -j16 all 
arm-none-eabi-gcc "../Core/Src/main.c" -mcpu=cortex-m3 -std=gnu11 -g3 -DDEBUG -DUSE_HAL_DRIVER -DSTM32F103x6 -c -I../Core/Inc -I../Drivers/STM32F1xx_HAL_Driver/Inc -I../Drivers/STM32F1xx_HAL_Driver/Inc/Legacy -I../Drivers/CMSIS/Device/ST/STM32F1xx/Include -I../Drivers/CMSIS/Include -O0 -ffunction-sections -fdata-sections -Wall -fstack-usage -MMD -MP -MF"Core/Src/main.d" -MT"Core/Src/main.o" --specs=nano.specs -mfloat-abi=soft -mthumb -o "Core/Src/main.o"
arm-none-eabi-gcc -o "Ex6.elf" @"objects.list"   -mcpu=cortex-m3 -T"D:\STM32_Lab1\Ex6\souce_code\STM32F103C6UX_FLASH.ld" --specs=nosys.specs -Wl,-Map="Ex6.map" -Wl,--gc-sections -static --specs=nano.specs -mfloat-abi=soft -mthumb -Wl,--start-group -lc -lm -Wl,--end-group
Finished building target: Ex6.elf
 
arm-none-eabi-size   Ex6.elf 
arm-none-eabi-objdump -h -S  Ex6.elf  > "Ex6.list"
arm-none-eabi-objcopy  -O ihex  Ex6.elf  "Ex6.hex"
arm-none-eabi-objcopy  -O binary  Ex6.elf  "Ex6.bin"
   text	   data	    bss	    dec	    hex	filename
   4616	     20	   1572	   6208	   1840	Ex6.elf
Finished building: default.size.stdout
 
Finished building: Ex6.hex
Finished building: Ex6.bin
 
Finished building: Ex6.list
 
 

19:50:55 Build Finished. 0 errors, 0 warnings. (took 536ms)

